  File "/root/err1.py", line 2
    print("Hello"
         ^
SyntaxError: '(' was never closed
Traceback (most recent call last):
  File "/root/err2.py", line 1, in <module>
    print(age)
          ^^^
NameError: name 'age' is not defined
Traceback (most recent call last):
  File "/root/err3.py", line 1, in <module>
    "Age:"+18
    ~~~~~~^~~
TypeError: can only concatenate str (not "int") to str
python3: can't open file '/root/err4.py': [Errno 2] No such file or directory
Traceback (most recent call last):
  File "/root/err5", line 2, in <module>
    print(sys.argv[1])
          ~~~~~~~~^^^
IndexError: list index out of range
